[INFO] Scanning for projects...
[INFO] 
[INFO] -------------------< com.studentperformance:backend >-------------------
[INFO] Building student-performance-backend 0.0.1-SNAPSHOT
[INFO]   from pom.xml
[INFO] --------------------------------[ jar ]---------------------------------
[INFO] 
[INFO] >>> spring-boot:3.3.5:run (default-cli) > test-compile @ backend >>>
[INFO] 
[INFO] --- resources:3.3.1:resources (default-resources) @ backend ---
[INFO] Copying 2 resources from src\main\resources to target\classes
[INFO] Copying 1 resource from src\main\resources to target\classes
[INFO] 
[INFO] --- compiler:3.13.0:compile (default-compile) @ backend ---
[INFO] Nothing to compile - all classes are up to date.
[INFO] 
[INFO] --- resources:3.3.1:testResources (default-testResources) @ backend ---
[INFO] skip non existing resourceDirectory E:\Web Dev using Java\Project [College class]\backend\src\test\resources
[INFO] 
[INFO] --- compiler:3.13.0:testCompile (default-testCompile) @ backend ---
[INFO] Nothing to compile - all classes are up to date.
[INFO] 
[INFO] <<< spring-boot:3.3.5:run (default-cli) < test-compile @ backend <<<
[INFO] 
[INFO] 
[INFO] --- spring-boot:3.3.5:run (default-cli) @ backend ---
[INFO] Attaching agents: []

  .   ____          _            __ _ _
 /\\ / ___'_ __ _ _(_)_ __  __ _ \ \ \ \
( ( )\___ | '_ | '_| | '_ \/ _` | \ \ \ \
 \\/  ___)| |_)| | | | | || (_| |  ) ) ) )
  '  |____| .__|_| |_|_| |_\__, | / / / /
 =========|_|==============|___/=/_/_/_/

 :: Spring Boot ::                (v3.3.5)

2026-04-17T12:32:40.218+05:30  INFO 24836 --- [student-performance-backend] [           main] c.s.b.StudentPerformanceApplication      : Starting StudentPerformanceApplication using Java 20.0.1 with PID 24836 (E:\Web Dev using Java\Project [College class]\backend\target\classes started by KIIT0001 in E:\Web Dev using Java\Project [College class]\backend)
2026-04-17T12:32:40.231+05:30  INFO 24836 --- [student-performance-backend] [           main] c.s.b.StudentPerformanceApplication      : The following 1 profile is active: "dev"
2026-04-17T12:32:41.904+05:30  INFO 24836 --- [student-performance-backend] [           main] .s.d.r.c.RepositoryConfigurationDelegate : Bootstrapping Spring Data JPA repositories in DEFAULT mode.
2026-04-17T12:32:42.021+05:30  INFO 24836 --- [student-performance-backend] [           main] .s.d.r.c.RepositoryConfigurationDelegate : Finished Spring Data repository scanning in 102 ms. Found 2 JPA repository interfaces.
2026-04-17T12:32:43.401+05:30  INFO 24836 --- [student-performance-backend] [           main] o.s.b.w.embedded.tomcat.TomcatWebServer  : Tomcat initialized with port 8080 (http)
2026-04-17T12:32:43.434+05:30  INFO 24836 --- [student-performance-backend] [           main] o.apache.catalina.core.StandardService   : Starting service [Tomcat]
2026-04-17T12:32:43.434+05:30  INFO 24836 --- [student-performance-backend] [           main] o.apache.catalina.core.StandardEngine    : Starting Servlet engine: [Apache Tomcat/10.1.31]
2026-04-17T12:32:43.542+05:30  INFO 24836 --- [student-performance-backend] [           main] o.a.c.c.C.[Tomcat].[localhost].[/]       : Initializing Spring embedded WebApplicationContext
2026-04-17T12:32:43.544+05:30  INFO 24836 --- [student-performance-backend] [           main] w.s.c.ServletWebServerApplicationContext : Root WebApplicationContext: initialization completed in 3248 ms
2026-04-17T12:32:43.578+05:30  INFO 24836 --- [student-performance-backend] [           main] com.zaxxer.hikari.HikariDataSource       : HikariPool-1 - Starting...
2026-04-17T12:32:43.754+05:30  INFO 24836 --- [student-performance-backend] [           main] com.zaxxer.hikari.pool.HikariPool        : HikariPool-1 - Added connection conn0: url=jdbc:h2:mem:studentdb user=SA
2026-04-17T12:32:43.756+05:30  INFO 24836 --- [student-performance-backend] [           main] com.zaxxer.hikari.HikariDataSource       : HikariPool-1 - Start completed.
2026-04-17T12:32:43.782+05:30  INFO 24836 --- [student-performance-backend] [           main] o.s.b.a.h2.H2ConsoleAutoConfiguration    : H2 console available at '/h2-console'. Database available at 'jdbc:h2:mem:studentdb'
2026-04-17T12:32:43.989+05:30  INFO 24836 --- [student-performance-backend] [           main] o.hibernate.jpa.internal.util.LogHelper  : HHH000204: Processing PersistenceUnitInfo [name: default]
2026-04-17T12:32:44.100+05:30  INFO 24836 --- [student-performance-backend] [           main] org.hibernate.Version                    : HHH000412: Hibernate ORM core version 6.5.3.Final
2026-04-17T12:32:44.170+05:30  INFO 24836 --- [student-performance-backend] [           main] o.h.c.internal.RegionFactoryInitiator    : HHH000026: Second-level cache disabled
2026-04-17T12:32:44.846+05:30  INFO 24836 --- [student-performance-backend] [           main] o.s.o.j.p.SpringPersistenceUnitInfo      : No LoadTimeWeaver setup: ignoring JPA class transformer
2026-04-17T12:32:47.436+05:30  INFO 24836 --- [student-performance-backend] [           main] o.h.e.t.j.p.i.JtaPlatformInitiator       : HHH000489: No JTA platform available (set 'hibernate.transaction.jta.platform' to enable JTA platform integration)
Hibernate: 
    drop table if exists app_users cascade 
Hibernate: 
    drop table if exists students cascade 
Hibernate: 
    create table app_users (
        account_id bigint generated by default as identity,
        username varchar(100) not null unique,
        password varchar(255) not null,
        role enum ('ADMIN') not null,
        primary key (account_id)
    )
Hibernate: 
    create table students (
        attendance integer not null,
        math integer not null,
        programming integer not null,
        science integer not null,
        record_id bigint generated by default as identity,
        name varchar(120) not null,
        department enum ('CIVIL','CS','ENTC','IT','MECHANICAL') not null,
        primary key (record_id)
    )
2026-04-17T12:32:47.560+05:30  INFO 24836 --- [student-performance-backend] [           main] j.LocalContainerEntityManagerFactoryBean : Initialized JPA EntityManagerFactory for persistence unit 'default'
2026-04-17T12:32:48.836+05:30  INFO 24836 --- [student-performance-backend] [           main] o.s.d.j.r.query.QueryEnhancerFactory     : Hibernate is in classpath; If applicable, HQL parser will be used.
2026-04-17T12:32:50.610+05:30  INFO 24836 --- [student-performance-backend] [           main] eAuthenticationProviderManagerConfigurer : Global AuthenticationManager configured with AuthenticationProvider bean with name daoProvider
2026-04-17T12:32:50.612+05:30  WARN 24836 --- [student-performance-backend] [           main] r$InitializeUserDetailsManagerConfigurer : Global AuthenticationManager configured with an AuthenticationProvider bean. UserDetailsService beans will not be used for username/password login. Consider removing the AuthenticationProvider bean. Alternatively, consider using the UserDetailsService in a manually instantiated DaoAuthenticationProvider.
2026-04-17T12:32:51.071+05:30  WARN 24836 --- [student-performance-backend] [           main] JpaBaseConfiguration$JpaWebConfiguration : spring.jpa.open-in-view is enabled by default. Therefore, database queries may be performed during view rendering. Explicitly configure spring.jpa.open-in-view to disable this warning
2026-04-17T12:32:53.295+05:30  INFO 24836 --- [student-performance-backend] [           main] o.s.b.w.embedded.tomcat.TomcatWebServer  : Tomcat started on port 8080 (http) with context path '/'
2026-04-17T12:32:53.326+05:30  INFO 24836 --- [student-performance-backend] [           main] c.s.b.StudentPerformanceApplication      : Started StudentPerformanceApplication in 13.905 seconds (process running for 14.819)
Hibernate: 
    select
        aa1_0.account_id,
        aa1_0.role,
        aa1_0.username,
        aa1_0.password 
    from
        app_users aa1_0 
    where
        aa1_0.username=?
Hibernate: 
    insert 
    into
        app_users
        (role, username, password, account_id) 
    values
        (?, ?, ?, default)
